[Storage] Successfully loaded Pinata JWT for authenticated IPFS downloads.
=============================================
 BHUMI DECENTRALIZED STORAGE SYNCER          
=============================================
Connecting to Local Node: http://127.0.0.1:8545
Storage Path: /home/habb/bhumi-data/storage
[Storage] Checking local Besu node connection...
[Storage] Local Besu node is online and RPC is ready!
Listening for events on: 0x5FbDB2315678afecb367f032d93F642f64180aa3
[Storage] Syncing historical data...
[Storage] File already exists: certificate_0_eLtSPc.pdf
[Storage] File already exists: certificate_0_miXzVP.pdf
[Storage] Downloading QmTest123456789 from IPFS using gateway: https://ipfs.io/ipfs/...
[Storage] Gateway https://ipfs.io/ipfs/ failed for QmTest123456789: timeout of 8000ms exceeded
[Storage] Downloading QmTest123456789 from IPFS using gateway: https://dweb.link/ipfs/...
[Storage] Gateway https://dweb.link/ipfs/ failed for QmTest123456789: Request failed with status code 500
[Storage] Downloading QmTest123456789 from IPFS using gateway: https://ipfs.4everland.xyz/ipfs/...
[Storage] Gateway https://ipfs.4everland.xyz/ipfs/ failed for QmTest123456789: Request failed with status code 404
[Storage] Invalid or non-existent IPFS hash: QmTest123456789. Skipping other gateways.
[Storage] All gateways failed to download QmTest123456789
[Storage] Hash QmNvGYkw2Cgg8MLsFMpLLAtbdiKsPCADYmSH8sVieLtSPc already exists locally as: certificate_0_eLtSPc.pdf
[Storage] Instantly copying locally to: certificate_1_eLtSPc.pdf...
[Storage] Successfully copied locally!
[Storage] Hash QmbHvebAjk4c5CWdjY7UCyvbCJF3ykBaHNmJjQmsmiXzVP already exists locally as: certificate_0_miXzVP.pdf
[Storage] Instantly copying locally to: certificate_1_miXzVP.pdf...
[Storage] Successfully copied locally!
[Storage] Hash QmNvGYkw2Cgg8MLsFMpLLAtbdiKsPCADYmSH8sVieLtSPc already exists locally as: certificate_0_eLtSPc.pdf
[Storage] Instantly copying locally to: certificate_2_eLtSPc.pdf...
[Storage] Successfully copied locally!
[Storage] Hash QmbHvebAjk4c5CWdjY7UCyvbCJF3ykBaHNmJjQmsmiXzVP already exists locally as: certificate_0_miXzVP.pdf
[Storage] Instantly copying locally to: certificate_2_miXzVP.pdf...
[Storage] Successfully copied locally!
[Storage] Downloading QmVpFi6ywrvB1s3oLwt4D3KNZUfh5o9KwYCf6U5gveDvzd from IPFS using gateway: https://ipfs.io/ipfs/...
[Storage] Successfully saved: /home/habb/bhumi-data/storage/certificate_3_veDvzd.pdf
[Storage] Hash QmbHvebAjk4c5CWdjY7UCyvbCJF3ykBaHNmJjQmsmiXzVP already exists locally as: certificate_0_miXzVP.pdf
[Storage] Instantly copying locally to: certificate_3_miXzVP.pdf...
[Storage] Successfully copied locally!
[Storage] Downloading QmXDWFcdm41DK8CrD7N9vnkUKrtWMGYbXAQBQWTc9Qk1KD from IPFS using gateway: https://ipfs.io/ipfs/...
[Storage] Successfully saved: /home/habb/bhumi-data/storage/certificate_4_9Qk1KD.pdf
[Storage] Downloading QmUhSPPorsSdb3P6HgfeYCJ2dhFmE2gFo5fULmw2dVj5YZ from IPFS using gateway: https://ipfs.io/ipfs/...
[Storage] Successfully saved: /home/habb/bhumi-data/storage/certificate_4_dVj5YZ.pdf
[Storage] Downloading QmPAzQrNUhoqk7hUzhZTgyGD6wBoyYAFbe2xiEyiV9niSr from IPFS using gateway: https://ipfs.io/ipfs/...
[Storage] Successfully saved: /home/habb/bhumi-data/storage/certificate_5_V9niSr.pdf
[Storage] Downloading QmPAr9QGXJqRtagHwih6MMix3tdGWp7LCpgUYzCS5J6HYS from IPFS using gateway: https://ipfs.io/ipfs/...
[Storage] Successfully saved: /home/habb/bhumi-data/storage/certificate_5_5J6HYS.pdf
[Storage] Hash QmVpFi6ywrvB1s3oLwt4D3KNZUfh5o9KwYCf6U5gveDvzd already exists locally as: certificate_3_veDvzd.pdf
[Storage] Instantly copying locally to: certificate_6_veDvzd.pdf...
[Storage] Successfully copied locally!
[Storage] Hash QmUhSPPorsSdb3P6HgfeYCJ2dhFmE2gFo5fULmw2dVj5YZ already exists locally as: certificate_4_dVj5YZ.pdf
[Storage] Instantly copying locally to: certificate_6_dVj5YZ.pdf...
[Storage] Successfully copied locally!
[Storage] Downloading QmPb2SjF5RiRya9TQFyGWkzPBnbppAJavCWkeLizpPBUbA from IPFS using gateway: https://ipfs.io/ipfs/...
[Storage] Successfully saved: /home/habb/bhumi-data/storage/certificate_7_pPBUbA.pdf
[Storage] Downloading QmYpexqx4cqx6vmDuguKvhUHvcJux2YyVV4VJhrvtbaDC6 from IPFS using gateway: https://ipfs.io/ipfs/...
[Storage] Successfully saved: /home/habb/bhumi-data/storage/certificate_7_tbaDC6.pdf
[Storage] Hash QmPb2SjF5RiRya9TQFyGWkzPBnbppAJavCWkeLizpPBUbA already exists locally as: certificate_7_pPBUbA.pdf
[Storage] Instantly copying locally to: certificate_8_pPBUbA.pdf...
[Storage] Successfully copied locally!
[Storage] Hash QmYpexqx4cqx6vmDuguKvhUHvcJux2YyVV4VJhrvtbaDC6 already exists locally as: certificate_7_tbaDC6.pdf
[Storage] Instantly copying locally to: certificate_8_tbaDC6.pdf...
[Storage] Successfully copied locally!
[Storage] Hash QmPAzQrNUhoqk7hUzhZTgyGD6wBoyYAFbe2xiEyiV9niSr already exists locally as: certificate_5_V9niSr.pdf
[Storage] Instantly copying locally to: certificate_9_V9niSr.pdf...
[Storage] Successfully copied locally!
[Storage] Hash QmPAr9QGXJqRtagHwih6MMix3tdGWp7LCpgUYzCS5J6HYS already exists locally as: certificate_5_5J6HYS.pdf
[Storage] Instantly copying locally to: certificate_9_5J6HYS.pdf...
[Storage] Successfully copied locally!
[Storage] Hash QmPAzQrNUhoqk7hUzhZTgyGD6wBoyYAFbe2xiEyiV9niSr already exists locally as: certificate_5_V9niSr.pdf
[Storage] Instantly copying locally to: certificate_10_V9niSr.pdf...
[Storage] Successfully copied locally!
[Storage] Downloading QmY38KxK9diA1qyogapH6xoxP2uBiXqfFkDzL5UX32BiCp from IPFS using gateway: https://ipfs.io/ipfs/...
[Storage] Successfully saved: /home/habb/bhumi-data/storage/certificate_10_32BiCp.pdf
[Storage] System is online and watching for CRUD updates.
